mode: atomic
gitlab.com/real-cis/cc/go-trust/internal/uefi/efivar.go:35.113,44.2 1 0
gitlab.com/real-cis/cc/go-trust/internal/uefi/efivar.go:47.59,48.27 1 0
gitlab.com/real-cis/cc/go-trust/internal/uefi/efivar.go:48.27,51.3 1 0
gitlab.com/real-cis/cc/go-trust/internal/uefi/efivar.go:66.2,82.12 9 0
gitlab.com/real-cis/cc/go-trust/internal/uefi/efivar.go:97.75,98.20 1 0
gitlab.com/real-cis/cc/go-trust/internal/uefi/efivar.go:98.20,100.3 1 0
gitlab.com/real-cis/cc/go-trust/internal/uefi/efivar.go:102.2,105.16 4 0
gitlab.com/real-cis/cc/go-trust/internal/uefi/efivar.go:105.16,107.3 1 0
gitlab.com/real-cis/cc/go-trust/internal/uefi/efivar.go:108.2,116.52 6 0
gitlab.com/real-cis/cc/go-trust/internal/uefi/efivar.go:116.52,118.3 1 0
gitlab.com/real-cis/cc/go-trust/internal/uefi/efivar.go:120.2,132.8 5 0
gitlab.com/real-cis/cc/go-trust/internal/uefi/efivar.go:135.70,143.2 1 0
gitlab.com/real-cis/cc/go-trust/internal/uefi/efivar.go:146.47,166.19 10 0
gitlab.com/real-cis/cc/go-trust/internal/uefi/efivar.go:166.19,168.3 1 0
gitlab.com/real-cis/cc/go-trust/internal/uefi/efivar.go:170.2,170.15 1 0
gitlab.com/real-cis/cc/go-trust/internal/uefi/efivar.go:175.45,179.2 3 0
gitlab.com/real-cis/cc/go-trust/internal/uefi/utf16.go:14.53,17.49 2 2
gitlab.com/real-cis/cc/go-trust/internal/uefi/utf16.go:17.49,20.16 2 8
gitlab.com/real-cis/cc/go-trust/internal/uefi/utf16.go:20.16,21.9 1 2
gitlab.com/real-cis/cc/go-trust/internal/uefi/utf16.go:23.3,23.30 1 6
gitlab.com/real-cis/cc/go-trust/internal/uefi/utf16.go:26.2,26.34 1 2
gitlab.com/real-cis/cc/go-trust/internal/uefi/utf16.go:30.39,32.2 1 2
gitlab.com/real-cis/cc/go-trust/internal/uefi/utf16.go:35.38,37.30 2 0
gitlab.com/real-cis/cc/go-trust/internal/uefi/utf16.go:37.30,39.3 1 0
gitlab.com/real-cis/cc/go-trust/internal/uefi/utf16.go:41.2,41.15 1 0
gitlab.com/real-cis/cc/go-trust/internal/uefi/utf16.go:45.34,47.2 1 0
gitlab.com/real-cis/cc/go-trust/tdvf/edk2/guids.go:47.63,48.27 1 4
gitlab.com/real-cis/cc/go-trust/tdvf/edk2/guids.go:48.27,50.3 1 0
gitlab.com/real-cis/cc/go-trust/tdvf/edk2/guids.go:51.2,51.49 1 4
gitlab.com/real-cis/cc/go-trust/tdvf/edk2/guids.go:55.38,56.41 1 3
gitlab.com/real-cis/cc/go-trust/tdvf/edk2/guids.go:56.41,58.3 1 2
gitlab.com/real-cis/cc/go-trust/tdvf/edk2/guids.go:59.2,59.22 1 1
gitlab.com/real-cis/cc/go-trust/tdvf/edk2/guids.go:62.45,64.16 2 3
gitlab.com/real-cis/cc/go-trust/tdvf/edk2/guids.go:64.16,66.3 1 0
gitlab.com/real-cis/cc/go-trust/tdvf/edk2/guids.go:67.2,67.18 1 3
gitlab.com/real-cis/cc/go-trust/tdvf/edk2/varstore.go:36.58,41.44 2 0
gitlab.com/real-cis/cc/go-trust/tdvf/edk2/varstore.go:41.44,43.3 1 0
gitlab.com/real-cis/cc/go-trust/tdvf/edk2/varstore.go:45.2,45.19 1 0
gitlab.com/real-cis/cc/go-trust/tdvf/edk2/varstore.go:49.34,51.28 2 2
gitlab.com/real-cis/cc/go-trust/tdvf/edk2/varstore.go:51.28,53.39 2 4
gitlab.com/real-cis/cc/go-trust/tdvf/edk2/varstore.go:53.39,55.4 1 1
gitlab.com/real-cis/cc/go-trust/tdvf/edk2/varstore.go:56.3,56.36 1 3
gitlab.com/real-cis/cc/go-trust/tdvf/edk2/varstore.go:56.36,57.30 1 0
gitlab.com/real-cis/cc/go-trust/tdvf/edk2/varstore.go:57.30,60.13 3 0
gitlab.com/real-cis/cc/go-trust/tdvf/edk2/varstore.go:63.3,63.17 1 3
gitlab.com/real-cis/cc/go-trust/tdvf/edk2/varstore.go:65.2,65.11 1 1
gitlab.com/real-cis/cc/go-trust/tdvf/edk2/varstore.go:101.44,103.18 2 0
gitlab.com/real-cis/cc/go-trust/tdvf/edk2/varstore.go:103.18,105.3 1 0
gitlab.com/real-cis/cc/go-trust/tdvf/edk2/varstore.go:107.2,108.16 2 0
gitlab.com/real-cis/cc/go-trust/tdvf/edk2/varstore.go:108.16,110.3 1 0
gitlab.com/real-cis/cc/go-trust/tdvf/edk2/varstore.go:112.2,112.33 1 0
gitlab.com/real-cis/cc/go-trust/tdvf/edk2/varstore.go:112.33,114.3 1 0
gitlab.com/real-cis/cc/go-trust/tdvf/edk2/varstore.go:116.2,118.16 3 0
gitlab.com/real-cis/cc/go-trust/tdvf/edk2/varstore.go:118.16,120.3 1 0
gitlab.com/real-cis/cc/go-trust/tdvf/edk2/varstore.go:122.2,125.33 2 0
gitlab.com/real-cis/cc/go-trust/tdvf/edk2/varstore.go:125.33,127.3 1 0
gitlab.com/real-cis/cc/go-trust/tdvf/edk2/varstore.go:129.2,129.24 1 0
gitlab.com/real-cis/cc/go-trust/tdvf/edk2/varstore.go:129.24,131.3 1 0
gitlab.com/real-cis/cc/go-trust/tdvf/edk2/varstore.go:133.2,133.51 1 0
gitlab.com/real-cis/cc/go-trust/tdvf/edk2/varstore.go:137.55,138.32 1 0
gitlab.com/real-cis/cc/go-trust/tdvf/edk2/varstore.go:138.32,140.3 1 0
gitlab.com/real-cis/cc/go-trust/tdvf/edk2/varstore.go:142.2,143.16 2 0
gitlab.com/real-cis/cc/go-trust/tdvf/edk2/varstore.go:143.16,145.3 1 0
gitlab.com/real-cis/cc/go-trust/tdvf/edk2/varstore.go:147.2,149.16 3 0
gitlab.com/real-cis/cc/go-trust/tdvf/edk2/varstore.go:149.16,151.3 1 0
gitlab.com/real-cis/cc/go-trust/tdvf/edk2/varstore.go:153.2,156.26 2 0
gitlab.com/real-cis/cc/go-trust/tdvf/edk2/varstore.go:156.26,158.3 1 0
gitlab.com/real-cis/cc/go-trust/tdvf/edk2/varstore.go:160.2,160.38 1 0
gitlab.com/real-cis/cc/go-trust/tdvf/edk2/varstore.go:160.38,162.3 1 0
gitlab.com/real-cis/cc/go-trust/tdvf/edk2/varstore.go:164.2,164.36 1 0
gitlab.com/real-cis/cc/go-trust/tdvf/edk2/varstore.go:164.36,166.3 1 0
gitlab.com/real-cis/cc/go-trust/tdvf/edk2/varstore.go:168.2,172.12 4 0
gitlab.com/real-cis/cc/go-trust/tdvf/edk2/varstore.go:176.62,180.18 3 0
gitlab.com/real-cis/cc/go-trust/tdvf/edk2/varstore.go:180.18,182.31 1 0
gitlab.com/real-cis/cc/go-trust/tdvf/edk2/varstore.go:182.31,183.9 1 0
gitlab.com/real-cis/cc/go-trust/tdvf/edk2/varstore.go:187.3,189.17 3 0
gitlab.com/real-cis/cc/go-trust/tdvf/edk2/varstore.go:189.17,190.9 1 0
gitlab.com/real-cis/cc/go-trust/tdvf/edk2/varstore.go:193.3,193.42 1 0
gitlab.com/real-cis/cc/go-trust/tdvf/edk2/varstore.go:193.42,194.9 1 0
gitlab.com/real-cis/cc/go-trust/tdvf/edk2/varstore.go:198.3,204.32 5 0
gitlab.com/real-cis/cc/go-trust/tdvf/edk2/varstore.go:204.32,205.9 1 0
gitlab.com/real-cis/cc/go-trust/tdvf/edk2/varstore.go:208.3,208.41 1 0
gitlab.com/real-cis/cc/go-trust/tdvf/edk2/varstore.go:208.41,211.18 2 0
gitlab.com/real-cis/cc/go-trust/tdvf/edk2/varstore.go:211.18,213.10 2 0
gitlab.com/real-cis/cc/go-trust/tdvf/edk2/varstore.go:216.4,226.33 7 0
gitlab.com/real-cis/cc/go-trust/tdvf/edk2/varstore.go:230.3,231.23 2 0
gitlab.com/real-cis/cc/go-trust/tdvf/edk2/varstore.go:234.2,234.21 1 0
gitlab.com/real-cis/cc/go-trust/ccel/buffer.go:13.43,18.2 1 0
gitlab.com/real-cis/cc/go-trust/ccel/buffer.go:20.53,22.2 1 5
gitlab.com/real-cis/cc/go-trust/ccel/buffer.go:24.55,27.2 2 50
gitlab.com/real-cis/cc/go-trust/ccel/buffer.go:29.55,32.2 2 199
gitlab.com/real-cis/cc/go-trust/ccel/buffer.go:34.55,37.2 2 0
gitlab.com/real-cis/cc/go-trust/ccel/buffer.go:39.61,41.2 1 100
gitlab.com/real-cis/cc/go-trust/ccel/eventlog.go:29.75,30.16 1 49
gitlab.com/real-cis/cc/go-trust/ccel/eventlog.go:31.26,32.31 1 49
gitlab.com/real-cis/cc/go-trust/ccel/eventlog.go:33.27,34.13 1 0
gitlab.com/real-cis/cc/go-trust/ccel/eventlog.go:36.2,36.12 1 0
gitlab.com/real-cis/cc/go-trust/ccel/eventlog.go:39.64,40.72 1 49
gitlab.com/real-cis/cc/go-trust/ccel/eventlog.go:40.72,51.3 3 1
gitlab.com/real-cis/cc/go-trust/ccel/eventlog.go:53.2,60.3 1 48
gitlab.com/real-cis/cc/go-trust/ccel/eventlog.go:82.47,84.2 1 101
gitlab.com/real-cis/cc/go-trust/ccel/eventlog.go:86.50,88.2 1 144
gitlab.com/real-cis/cc/go-trust/ccel/eventlog.go:90.43,92.2 1 96
gitlab.com/real-cis/cc/go-trust/ccel/eventlog.go:94.53,96.2 1 48
gitlab.com/real-cis/cc/go-trust/ccel/eventlog.go:98.39,100.2 1 5
gitlab.com/real-cis/cc/go-trust/ccel/eventlog.go:114.58,116.2 1 1
gitlab.com/real-cis/cc/go-trust/ccel/eventlog.go:119.61,121.2 1 3
gitlab.com/real-cis/cc/go-trust/ccel/eventlog.go:124.54,126.2 1 1
gitlab.com/real-cis/cc/go-trust/ccel/eventlog.go:129.64,131.2 1 1
gitlab.com/real-cis/cc/go-trust/ccel/eventlog.go:133.50,135.2 1 0
gitlab.com/real-cis/cc/go-trust/ccel/eventlog.go:138.39,144.2 5 0
gitlab.com/real-cis/cc/go-trust/ccel/eventlog.go:175.95,185.2 2 1
gitlab.com/real-cis/cc/go-trust/ccel/eventlog.go:187.37,188.42 1 1
gitlab.com/real-cis/cc/go-trust/ccel/eventlog.go:188.42,190.3 1 0
gitlab.com/real-cis/cc/go-trust/ccel/eventlog.go:191.2,191.40 1 1
gitlab.com/real-cis/cc/go-trust/ccel/eventlog.go:191.40,193.3 1 0
gitlab.com/real-cis/cc/go-trust/ccel/eventlog.go:194.2,194.12 1 1
gitlab.com/real-cis/cc/go-trust/ccel/eventlog.go:197.35,199.2 1 0
gitlab.com/real-cis/cc/go-trust/ccel/eventlog.go:201.41,203.2 1 0
gitlab.com/real-cis/cc/go-trust/ccel/eventlog.go:205.70,206.18 1 0
gitlab.com/real-cis/cc/go-trust/ccel/eventlog.go:206.18,208.3 1 0
gitlab.com/real-cis/cc/go-trust/ccel/eventlog.go:209.2,209.35 1 0
gitlab.com/real-cis/cc/go-trust/ccel/eventlog.go:209.35,211.3 1 0
gitlab.com/real-cis/cc/go-trust/ccel/eventlog.go:212.2,212.42 1 0
gitlab.com/real-cis/cc/go-trust/ccel/eventlog.go:212.42,214.3 1 0
gitlab.com/real-cis/cc/go-trust/ccel/eventlog.go:216.2,218.15 3 0
gitlab.com/real-cis/cc/go-trust/ccel/eventlog.go:221.54,223.2 1 1
gitlab.com/real-cis/cc/go-trust/ccel/eventlog.go:225.89,227.32 2 0
gitlab.com/real-cis/cc/go-trust/ccel/eventlog.go:227.32,229.3 1 0
gitlab.com/real-cis/cc/go-trust/ccel/eventlog.go:231.2,232.39 2 0
gitlab.com/real-cis/cc/go-trust/ccel/eventlog.go:232.39,233.36 1 0
gitlab.com/real-cis/cc/go-trust/ccel/eventlog.go:233.36,235.4 1 0
gitlab.com/real-cis/cc/go-trust/ccel/eventlog.go:237.2,237.17 1 0
gitlab.com/real-cis/cc/go-trust/ccel/eventlog.go:240.101,243.42 3 1
gitlab.com/real-cis/cc/go-trust/ccel/eventlog.go:243.42,244.32 1 49
gitlab.com/real-cis/cc/go-trust/ccel/eventlog.go:244.32,246.12 2 0
gitlab.com/real-cis/cc/go-trust/ccel/eventlog.go:248.3,248.45 1 49
gitlab.com/real-cis/cc/go-trust/ccel/eventlog.go:248.45,249.12 1 1
gitlab.com/real-cis/cc/go-trust/ccel/eventlog.go:252.3,253.29 2 48
gitlab.com/real-cis/cc/go-trust/ccel/eventlog.go:253.29,255.4 1 3
gitlab.com/real-cis/cc/go-trust/ccel/eventlog.go:257.3,257.45 1 48
gitlab.com/real-cis/cc/go-trust/ccel/eventlog.go:257.45,260.15 3 48
gitlab.com/real-cis/cc/go-trust/ccel/eventlog.go:261.21,262.22 1 0
gitlab.com/real-cis/cc/go-trust/ccel/eventlog.go:263.23,264.27 1 48
gitlab.com/real-cis/cc/go-trust/ccel/eventlog.go:265.23,266.24 1 0
gitlab.com/real-cis/cc/go-trust/ccel/eventlog.go:267.23,268.24 1 0
gitlab.com/real-cis/cc/go-trust/ccel/eventlog.go:269.12,271.13 2 0
gitlab.com/real-cis/cc/go-trust/ccel/eventlog.go:274.4,275.35 2 48
gitlab.com/real-cis/cc/go-trust/ccel/eventlog.go:275.35,277.5 1 3
gitlab.com/real-cis/cc/go-trust/ccel/eventlog.go:277.10,279.5 1 45
gitlab.com/real-cis/cc/go-trust/ccel/eventlog.go:280.4,281.33 2 48
gitlab.com/real-cis/cc/go-trust/ccel/eventlog.go:285.2,285.12 1 1
gitlab.com/real-cis/cc/go-trust/ccel/eventlog.go:288.65,290.2 1 1
gitlab.com/real-cis/cc/go-trust/ccel/eventlog.go:292.50,293.27 1 49
gitlab.com/real-cis/cc/go-trust/ccel/eventlog.go:294.26,295.14 1 49
gitlab.com/real-cis/cc/go-trust/ccel/eventlog.go:296.27,297.14 1 49
gitlab.com/real-cis/cc/go-trust/ccel/eventlog.go:299.2,299.14 1 0
gitlab.com/real-cis/cc/go-trust/ccel/eventlog.go:306.45,310.2 1 1
gitlab.com/real-cis/cc/go-trust/ccel/eventlog.go:312.76,316.2 3 50
gitlab.com/real-cis/cc/go-trust/ccel/eventlog.go:318.144,335.16 7 1
gitlab.com/real-cis/cc/go-trust/ccel/eventlog.go:335.16,337.3 1 0
gitlab.com/real-cis/cc/go-trust/ccel/eventlog.go:338.2,338.53 1 1
gitlab.com/real-cis/cc/go-trust/ccel/eventlog.go:341.164,344.16 3 48
gitlab.com/real-cis/cc/go-trust/ccel/eventlog.go:344.16,350.3 5 48
gitlab.com/real-cis/cc/go-trust/ccel/eventlog.go:351.2,361.24 4 48
gitlab.com/real-cis/cc/go-trust/ccel/eventlog.go:364.88,365.35 1 48
gitlab.com/real-cis/cc/go-trust/ccel/eventlog.go:365.35,366.32 1 48
gitlab.com/real-cis/cc/go-trust/ccel/eventlog.go:366.32,368.4 1 48
gitlab.com/real-cis/cc/go-trust/ccel/eventlog.go:370.2,370.10 1 0
gitlab.com/real-cis/cc/go-trust/ccel/eventlog.go:373.88,382.22 9 1
gitlab.com/real-cis/cc/go-trust/ccel/eventlog.go:382.22,390.3 4 1
gitlab.com/real-cis/cc/go-trust/ccel/eventlog.go:391.2,407.24 5 1
gitlab.com/real-cis/cc/go-trust/ccel/eventlog.go:410.52,414.2 3 49
gitlab.com/real-cis/cc/go-trust/ccel/eventlog.go:416.45,420.19 4 1
gitlab.com/real-cis/cc/go-trust/ccel/eventlog.go:420.19,423.17 3 50
gitlab.com/real-cis/cc/go-trust/ccel/eventlog.go:423.17,425.4 1 0
gitlab.com/real-cis/cc/go-trust/ccel/eventlog.go:426.3,426.24 1 50
gitlab.com/real-cis/cc/go-trust/ccel/eventlog.go:426.24,427.9 1 1
gitlab.com/real-cis/cc/go-trust/ccel/eventlog.go:429.3,431.50 3 49
gitlab.com/real-cis/cc/go-trust/ccel/eventlog.go:431.50,434.18 2 1
gitlab.com/real-cis/cc/go-trust/ccel/eventlog.go:434.18,436.5 1 0
gitlab.com/real-cis/cc/go-trust/ccel/eventlog.go:437.4,439.37 3 1
gitlab.com/real-cis/cc/go-trust/ccel/eventlog.go:440.9,443.18 2 48
gitlab.com/real-cis/cc/go-trust/ccel/eventlog.go:443.18,445.5 1 0
gitlab.com/real-cis/cc/go-trust/ccel/eventlog.go:446.4,447.14 2 48
gitlab.com/real-cis/cc/go-trust/ccel/eventlog.go:450.3,450.20 1 49
gitlab.com/real-cis/cc/go-trust/ccel/eventlog.go:450.20,451.9 1 0
gitlab.com/real-cis/cc/go-trust/ccel/eventlog.go:453.3,455.12 3 49
gitlab.com/real-cis/cc/go-trust/ccel/eventlog.go:458.2,458.12 1 1
gitlab.com/real-cis/cc/go-trust/ccel/eventlog.go:466.41,474.2 5 0
gitlab.com/real-cis/cc/go-trust/ccel/eventlog.go:476.70,479.23 2 0
gitlab.com/real-cis/cc/go-trust/ccel/eventlog.go:479.23,481.3 1 0
gitlab.com/real-cis/cc/go-trust/ccel/eventlog.go:482.2,483.16 2 0
gitlab.com/real-cis/cc/go-trust/ccel/eventlog.go:483.16,485.3 1 0
gitlab.com/real-cis/cc/go-trust/ccel/eventlog.go:487.2,490.40 4 0
gitlab.com/real-cis/cc/go-trust/ccel/eventlog.go:490.40,491.23 1 0
gitlab.com/real-cis/cc/go-trust/ccel/eventlog.go:491.23,493.9 2 0
gitlab.com/real-cis/cc/go-trust/ccel/eventlog.go:497.2,499.16 3 0
gitlab.com/real-cis/cc/go-trust/ccel/eventlog.go:499.16,501.3 1 0
gitlab.com/real-cis/cc/go-trust/ccel/eventlog.go:502.2,515.20 5 0
gitlab.com/real-cis/cc/go-trust/ccel/eventlog.go:518.43,519.28 1 1
gitlab.com/real-cis/cc/go-trust/ccel/eventlog.go:519.28,521.3 1 1
gitlab.com/real-cis/cc/go-trust/ccel/eventlog.go:522.2,523.18 2 0
gitlab.com/real-cis/cc/go-trust/ccel/eventlog.go:523.18,526.17 3 0
gitlab.com/real-cis/cc/go-trust/ccel/eventlog.go:526.17,528.4 1 0
gitlab.com/real-cis/cc/go-trust/ccel/eventlog.go:530.3,532.72 3 0
gitlab.com/real-cis/cc/go-trust/ccel/eventlog.go:534.2,534.12 1 0
gitlab.com/real-cis/cc/go-trust/tdvf/firmware.go:17.66,19.16 2 1
gitlab.com/real-cis/cc/go-trust/tdvf/firmware.go:19.16,21.3 1 0
gitlab.com/real-cis/cc/go-trust/tdvf/firmware.go:23.2,24.16 2 1
gitlab.com/real-cis/cc/go-trust/tdvf/firmware.go:24.16,26.3 1 0
gitlab.com/real-cis/cc/go-trust/tdvf/firmware.go:28.2,29.16 2 1
gitlab.com/real-cis/cc/go-trust/tdvf/firmware.go:29.16,31.3 1 0
gitlab.com/real-cis/cc/go-trust/tdvf/firmware.go:33.2,36.8 1 1
gitlab.com/real-cis/cc/go-trust/tdvf/secureboot.go:22.71,25.18 2 1
gitlab.com/real-cis/cc/go-trust/tdvf/secureboot.go:25.18,27.3 1 0
gitlab.com/real-cis/cc/go-trust/tdvf/secureboot.go:30.2,31.16 2 1
gitlab.com/real-cis/cc/go-trust/tdvf/secureboot.go:31.16,33.3 1 0
gitlab.com/real-cis/cc/go-trust/tdvf/secureboot.go:35.2,36.16 2 1
gitlab.com/real-cis/cc/go-trust/tdvf/secureboot.go:36.16,38.3 1 0
gitlab.com/real-cis/cc/go-trust/tdvf/secureboot.go:39.2,42.28 3 1
gitlab.com/real-cis/cc/go-trust/tdvf/secureboot.go:42.28,44.3 1 4
gitlab.com/real-cis/cc/go-trust/tdvf/secureboot.go:45.2,51.29 4 1
gitlab.com/real-cis/cc/go-trust/tdvf/secureboot.go:51.29,60.52 7 4
gitlab.com/real-cis/cc/go-trust/tdvf/secureboot.go:60.52,62.4 1 4
gitlab.com/real-cis/cc/go-trust/tdvf/secureboot.go:63.3,63.58 1 4
gitlab.com/real-cis/cc/go-trust/tdvf/secureboot.go:63.58,65.4 1 4
gitlab.com/real-cis/cc/go-trust/tdvf/secureboot.go:66.3,66.54 1 4
gitlab.com/real-cis/cc/go-trust/tdvf/secureboot.go:66.54,68.4 1 4
gitlab.com/real-cis/cc/go-trust/tdvf/secureboot.go:69.3,69.77 1 4
gitlab.com/real-cis/cc/go-trust/tdvf/secureboot.go:69.77,71.4 1 4
gitlab.com/real-cis/cc/go-trust/tdvf/secureboot.go:72.3,72.21 1 4
gitlab.com/real-cis/cc/go-trust/tdvf/secureboot.go:72.21,74.4 1 4
gitlab.com/real-cis/cc/go-trust/tdvf/secureboot.go:76.3,77.15 2 4
gitlab.com/real-cis/cc/go-trust/tdvf/secureboot.go:78.13,81.27 3 1
gitlab.com/real-cis/cc/go-trust/tdvf/secureboot.go:82.14,85.28 3 1
gitlab.com/real-cis/cc/go-trust/tdvf/secureboot.go:86.13,89.27 3 1
gitlab.com/real-cis/cc/go-trust/tdvf/secureboot.go:90.14,93.28 3 1
gitlab.com/real-cis/cc/go-trust/tdvf/secureboot.go:96.3,101.25 5 4
gitlab.com/real-cis/cc/go-trust/tdvf/secureboot.go:101.25,103.4 1 4
gitlab.com/real-cis/cc/go-trust/tdvf/secureboot.go:106.2,106.20 1 1
gitlab.com/real-cis/cc/go-trust/tdvf/mrtd/buffer.go:26.31,29.2 2 30644
gitlab.com/real-cis/cc/go-trust/tdvf/mrtd/buffer.go:32.46,40.2 3 2100
gitlab.com/real-cis/cc/go-trust/tdvf/mrtd/buffer.go:43.76,52.2 4 28544
gitlab.com/real-cis/cc/go-trust/tdvf/mrtd/mrtd.go:44.51,46.2 1 2
gitlab.com/real-cis/cc/go-trust/tdvf/mrtd/mrtd.go:48.36,50.2 1 10
gitlab.com/real-cis/cc/go-trust/tdvf/mrtd/mrtd.go:53.53,59.67 4 2
gitlab.com/real-cis/cc/go-trust/tdvf/mrtd/mrtd.go:59.67,61.3 1 2
gitlab.com/real-cis/cc/go-trust/tdvf/mrtd/mrtd.go:61.8,64.3 1 0
gitlab.com/real-cis/cc/go-trust/tdvf/mrtd/mrtd.go:68.66,81.23 9 2
gitlab.com/real-cis/cc/go-trust/tdvf/mrtd/mrtd.go:81.23,85.67 3 10
gitlab.com/real-cis/cc/go-trust/tdvf/mrtd/mrtd.go:85.67,89.4 3 2
gitlab.com/real-cis/cc/go-trust/tdvf/mrtd/mrtd.go:90.3,91.18 2 8
gitlab.com/real-cis/cc/go-trust/tdvf/mrtd/mrtd.go:94.2,94.10 1 0
gitlab.com/real-cis/cc/go-trust/tdvf/mrtd/mrtd.go:98.71,104.2 4 0
gitlab.com/real-cis/cc/go-trust/tdvf/mrtd/mrtd.go:107.103,108.40 1 2
gitlab.com/real-cis/cc/go-trust/tdvf/mrtd/mrtd.go:108.40,110.3 1 0
gitlab.com/real-cis/cc/go-trust/tdvf/mrtd/mrtd.go:112.2,116.77 2 2
gitlab.com/real-cis/cc/go-trust/tdvf/mrtd/mrtd.go:116.77,118.3 1 0
gitlab.com/real-cis/cc/go-trust/tdvf/mrtd/mrtd.go:120.2,125.27 5 2
gitlab.com/real-cis/cc/go-trust/tdvf/mrtd/mrtd.go:125.27,127.3 1 0
gitlab.com/real-cis/cc/go-trust/tdvf/mrtd/mrtd.go:129.2,129.25 1 2
gitlab.com/real-cis/cc/go-trust/tdvf/mrtd/mrtd.go:140.48,141.41 1 2
gitlab.com/real-cis/cc/go-trust/tdvf/mrtd/mrtd.go:141.41,143.3 1 0
gitlab.com/real-cis/cc/go-trust/tdvf/mrtd/mrtd.go:145.2,150.44 2 2
gitlab.com/real-cis/cc/go-trust/tdvf/mrtd/mrtd.go:150.44,152.3 1 0
gitlab.com/real-cis/cc/go-trust/tdvf/mrtd/mrtd.go:154.2,154.13 1 2
gitlab.com/real-cis/cc/go-trust/tdvf/mrtd/mrtd.go:158.130,161.62 2 2
gitlab.com/real-cis/cc/go-trust/tdvf/mrtd/mrtd.go:161.62,163.3 1 0
gitlab.com/real-cis/cc/go-trust/tdvf/mrtd/mrtd.go:165.2,171.43 4 2
gitlab.com/real-cis/cc/go-trust/tdvf/mrtd/mrtd.go:171.43,178.44 5 12
gitlab.com/real-cis/cc/go-trust/tdvf/mrtd/mrtd.go:178.44,180.4 1 0
gitlab.com/real-cis/cc/go-trust/tdvf/mrtd/mrtd.go:181.3,181.17 1 12
gitlab.com/real-cis/cc/go-trust/tdvf/mrtd/mrtd.go:181.17,183.4 1 6
gitlab.com/real-cis/cc/go-trust/tdvf/mrtd/mrtd.go:183.9,185.4 1 6
gitlab.com/real-cis/cc/go-trust/tdvf/mrtd/mrtd.go:189.2,189.29 1 2
gitlab.com/real-cis/cc/go-trust/tdvf/mrtd/mrtd.go:203.49,205.37 1 12
gitlab.com/real-cis/cc/go-trust/tdvf/mrtd/mrtd.go:205.37,207.3 1 0
gitlab.com/real-cis/cc/go-trust/tdvf/mrtd/mrtd.go:209.2,211.48 1 12
gitlab.com/real-cis/cc/go-trust/tdvf/mrtd/mrtd.go:211.48,213.3 1 0
gitlab.com/real-cis/cc/go-trust/tdvf/mrtd/mrtd.go:215.2,215.38 1 12
gitlab.com/real-cis/cc/go-trust/tdvf/mrtd/mrtd.go:215.38,217.3 1 0
gitlab.com/real-cis/cc/go-trust/tdvf/mrtd/mrtd.go:219.2,219.43 1 12
gitlab.com/real-cis/cc/go-trust/tdvf/mrtd/mrtd.go:219.43,221.3 1 0
gitlab.com/real-cis/cc/go-trust/tdvf/mrtd/mrtd.go:223.2,223.12 1 12
gitlab.com/real-cis/cc/go-trust/tdvf/mrtd/mrtd.go:227.107,228.63 1 2100
gitlab.com/real-cis/cc/go-trust/tdvf/mrtd/mrtd.go:228.63,230.3 1 0
gitlab.com/real-cis/cc/go-trust/tdvf/mrtd/mrtd.go:232.2,233.33 2 2100
gitlab.com/real-cis/cc/go-trust/tdvf/mrtd/mrtd.go:237.175,238.55 1 1056
gitlab.com/real-cis/cc/go-trust/tdvf/mrtd/mrtd.go:238.55,240.3 1 163
gitlab.com/real-cis/cc/go-trust/tdvf/mrtd/mrtd.go:241.2,241.28 1 893
gitlab.com/real-cis/cc/go-trust/tdvf/mrtd/mrtd.go:241.28,250.3 3 28544
gitlab.com/real-cis/cc/go-trust/tdvf/mrtd/mrtd.go:255.102,259.25 2 6
gitlab.com/real-cis/cc/go-trust/tdvf/mrtd/mrtd.go:259.25,266.3 4 1050
gitlab.com/real-cis/cc/go-trust/tdvf/mrtd/mrtd.go:272.106,276.25 2 6
gitlab.com/real-cis/cc/go-trust/tdvf/mrtd/mrtd.go:276.25,279.3 2 1050
gitlab.com/real-cis/cc/go-trust/tdvf/mrtd/mrtd.go:281.2,282.61 1 6
gitlab.com/real-cis/cc/go-trust/tdvf/mrtd/mrtd.go:286.62,290.16 4 2
gitlab.com/real-cis/cc/go-trust/tdvf/mrtd/mrtd.go:290.16,292.3 1 0
gitlab.com/real-cis/cc/go-trust/tdvf/mrtd/mrtd.go:294.2,294.70 1 2
gitlab.com/real-cis/cc/go-trust/internal/tcg/alg.go:26.38,27.13 1 0
gitlab.com/real-cis/cc/go-trust/internal/tcg/alg.go:28.16,29.25 1 0
gitlab.com/real-cis/cc/go-trust/internal/tcg/alg.go:30.14,31.23 1 0
gitlab.com/real-cis/cc/go-trust/internal/tcg/alg.go:32.15,33.24 1 0
gitlab.com/real-cis/cc/go-trust/internal/tcg/alg.go:34.17,35.26 1 0
gitlab.com/real-cis/cc/go-trust/internal/tcg/alg.go:36.17,37.26 1 0
gitlab.com/real-cis/cc/go-trust/internal/tcg/alg.go:38.17,39.26 1 0
gitlab.com/real-cis/cc/go-trust/internal/tcg/alg.go:40.16,41.25 1 0
gitlab.com/real-cis/cc/go-trust/internal/tcg/alg.go:43.2,43.11 1 0
gitlab.com/real-cis/cc/go-trust/internal/tcg/alg.go:62.42,63.13 1 0
gitlab.com/real-cis/cc/go-trust/internal/tcg/alg.go:64.15,65.20 1 0
gitlab.com/real-cis/cc/go-trust/internal/tcg/alg.go:66.17,67.22 1 0
gitlab.com/real-cis/cc/go-trust/internal/tcg/alg.go:68.17,69.25 1 0
gitlab.com/real-cis/cc/go-trust/internal/tcg/alg.go:70.17,71.22 1 0
gitlab.com/real-cis/cc/go-trust/internal/tcg/alg.go:73.2,73.12 1 0
gitlab.com/real-cis/cc/go-trust/internal/tcg/digest.go:10.51,15.2 1 0
gitlab.com/real-cis/cc/go-trust/internal/tcg/event.go:59.36,60.11 1 0
gitlab.com/real-cis/cc/go-trust/internal/tcg/event.go:61.21,62.27 1 0
gitlab.com/real-cis/cc/go-trust/internal/tcg/event.go:63.18,64.24 1 0
gitlab.com/real-cis/cc/go-trust/internal/tcg/event.go:65.16,66.21 1 0
gitlab.com/real-cis/cc/go-trust/internal/tcg/event.go:67.18,68.24 1 0
gitlab.com/real-cis/cc/go-trust/internal/tcg/event.go:69.19,70.24 1 0
gitlab.com/real-cis/cc/go-trust/internal/tcg/event.go:71.16,72.21 1 0
gitlab.com/real-cis/cc/go-trust/internal/tcg/event.go:73.18,74.24 1 0
gitlab.com/real-cis/cc/go-trust/internal/tcg/event.go:75.23,76.30 1 0
gitlab.com/real-cis/cc/go-trust/internal/tcg/event.go:77.22,78.29 1 0
gitlab.com/real-cis/cc/go-trust/internal/tcg/event.go:79.22,80.28 1 0
gitlab.com/real-cis/cc/go-trust/internal/tcg/event.go:81.29,82.36 1 0
gitlab.com/real-cis/cc/go-trust/internal/tcg/event.go:83.24,84.31 1 0
gitlab.com/real-cis/cc/go-trust/internal/tcg/event.go:85.21,86.27 1 0
gitlab.com/real-cis/cc/go-trust/internal/tcg/event.go:87.13,88.18 1 0
gitlab.com/real-cis/cc/go-trust/internal/tcg/event.go:89.26,90.33 1 0
gitlab.com/real-cis/cc/go-trust/internal/tcg/event.go:91.21,92.27 1 0
gitlab.com/real-cis/cc/go-trust/internal/tcg/event.go:93.23,94.29 1 0
gitlab.com/real-cis/cc/go-trust/internal/tcg/event.go:95.21,96.27 1 0
gitlab.com/real-cis/cc/go-trust/internal/tcg/event.go:97.30,98.38 1 0
gitlab.com/real-cis/cc/go-trust/internal/tcg/event.go:99.19,100.25 1 0
gitlab.com/real-cis/cc/go-trust/internal/tcg/event.go:101.29,102.33 1 0
gitlab.com/real-cis/cc/go-trust/internal/tcg/event.go:103.22,104.29 1 0
gitlab.com/real-cis/cc/go-trust/internal/tcg/event.go:105.33,106.41 1 0
gitlab.com/real-cis/cc/go-trust/internal/tcg/event.go:107.25,108.32 1 0
gitlab.com/real-cis/cc/go-trust/internal/tcg/event.go:109.36,110.44 1 0
gitlab.com/real-cis/cc/go-trust/internal/tcg/event.go:111.31,112.39 1 0
gitlab.com/real-cis/cc/go-trust/internal/tcg/event.go:113.34,114.42 1 0
gitlab.com/real-cis/cc/go-trust/internal/tcg/event.go:115.21,116.28 1 0
gitlab.com/real-cis/cc/go-trust/internal/tcg/event.go:117.19,118.25 1 0
gitlab.com/real-cis/cc/go-trust/internal/tcg/event.go:119.33,120.41 1 0
gitlab.com/real-cis/cc/go-trust/internal/tcg/event.go:121.26,122.33 1 0
gitlab.com/real-cis/cc/go-trust/internal/tcg/event.go:123.34,124.42 1 0
gitlab.com/real-cis/cc/go-trust/internal/tcg/event.go:125.27,126.34 1 0
gitlab.com/real-cis/cc/go-trust/internal/tcg/event.go:127.26,128.33 1 0
gitlab.com/real-cis/cc/go-trust/internal/tcg/event.go:129.22,130.29 1 0
gitlab.com/real-cis/cc/go-trust/internal/tcg/event.go:131.23,132.30 1 0
gitlab.com/real-cis/cc/go-trust/internal/tcg/event.go:133.30,134.37 1 0
gitlab.com/real-cis/cc/go-trust/internal/tcg/event.go:135.29,136.37 1 0
gitlab.com/real-cis/cc/go-trust/internal/tcg/event.go:137.31,138.39 1 0
gitlab.com/real-cis/cc/go-trust/internal/tcg/event.go:139.29,140.37 1 0
gitlab.com/real-cis/cc/go-trust/internal/tcg/event.go:141.32,142.40 1 0
gitlab.com/real-cis/cc/go-trust/internal/tcg/event.go:144.2,144.11 1 0
gitlab.com/real-cis/cc/go-trust/internal/guid/guid.go:16.41,18.2 1 0
gitlab.com/real-cis/cc/go-trust/internal/guid/guid.go:21.36,23.2 1 0
gitlab.com/real-cis/cc/go-trust/internal/guid/guid.go:27.48,28.20 1 0
gitlab.com/real-cis/cc/go-trust/internal/guid/guid.go:28.20,30.3 1 0
gitlab.com/real-cis/cc/go-trust/internal/guid/guid.go:32.2,50.15 11 0
gitlab.com/real-cis/cc/go-trust/internal/guid/guid.go:54.34,75.2 11 0
gitlab.com/real-cis/cc/go-trust/tdx/quote.go:18.39,20.2 1 0
gitlab.com/real-cis/cc/go-trust/tdx/quote.go:22.78,24.16 2 0
gitlab.com/real-cis/cc/go-trust/tdx/quote.go:24.16,26.3 1 0
gitlab.com/real-cis/cc/go-trust/tdx/quote.go:27.2,28.16 2 0
gitlab.com/real-cis/cc/go-trust/tdx/quote.go:28.16,30.3 1 0
gitlab.com/real-cis/cc/go-trust/tdx/quote.go:31.2,31.19 1 0
gitlab.com/real-cis/cc/go-trust/tdx/quote.go:34.77,36.16 2 0
gitlab.com/real-cis/cc/go-trust/tdx/quote.go:36.16,38.3 1 0
gitlab.com/real-cis/cc/go-trust/tdx/quote.go:39.2,40.9 2 0
gitlab.com/real-cis/cc/go-trust/tdx/quote.go:40.9,42.3 1 0
gitlab.com/real-cis/cc/go-trust/tdx/quote.go:43.2,43.25 1 0
